Flow report for ProcesadorARM
Thu Nov 25 18:45:38 2021
Quartus Prime Version 20.1.1 Build 720 11/11/2020 SJ Lite Edition


---------------------
; Table of Contents ;
---------------------
  1. Legal Notice
  2. Flow Summary
  3. Flow Settings
  4. Flow Non-Default Global Settings
  5. Flow Elapsed Time
  6. Flow OS Summary
  7. Flow Log
  8. Flow Messages
  9. Flow Suppressed Messages



----------------
; Legal Notice ;
----------------
Copyright (C) 2020  Intel Corporation. All rights reserved.
Your use of Intel Corporation's design tools, logic functions 
and other software and tools, and any partner logic 
functions, and any output files from any of the foregoing 
(including device programming or simulation files), and any 
associated documentation or information are expressly subject 
to the terms and conditions of the Intel Program License 
Subscription Agreement, the Intel Quartus Prime License Agreement,
the Intel FPGA IP License Agreement, or other applicable license
agreement, including, without limitation, that your use is for
the sole purpose of programming logic devices manufactured by
Intel and sold by Intel or its authorized distributors.  Please
refer to the applicable agreement for further details, at
https://fpgasoftware.intel.com/eula.



+---------------------------------------------------------------------------+
; Flow Summary                                                              ;
+-----------------------------+---------------------------------------------+
; Flow Status                 ; Successful - Thu Nov 25 18:45:38 2021       ;
; Quartus Prime Version       ; 20.1.1 Build 720 11/11/2020 SJ Lite Edition ;
; Revision Name               ; ProcesadorARM                               ;
; Top-level Entity Name       ; controllerTest                              ;
; Family                      ; Cyclone V                                   ;
; Device                      ; 5CSEMA5F31C6                                ;
; Timing Models               ; Final                                       ;
; Logic utilization (in ALMs) ; N/A until Partition Merge                   ;
; Total registers             ; N/A until Partition Merge                   ;
; Total pins                  ; N/A until Partition Merge                   ;
; Total virtual pins          ; N/A until Partition Merge                   ;
; Total block memory bits     ; N/A until Partition Merge                   ;
; Total PLLs                  ; N/A until Partition Merge                   ;
; Total DLLs                  ; N/A until Partition Merge                   ;
+-----------------------------+---------------------------------------------+


+-----------------------------------------+
; Flow Settings                           ;
+-------------------+---------------------+
; Option            ; Setting             ;
+-------------------+---------------------+
; Start date & time ; 11/25/2021 18:45:29 ;
; Main task         ; Compilation         ;
; Revision Name     ; ProcesadorARM       ;
+-------------------+---------------------+


+----------------------------------------------------------------------------------------------------------------------------------------------------+
; Flow Non-Default Global Settings                                                                                                                   ;
+--------------------------------------+----------------------------------------+---------------+----------------+-----------------------------------+
; Assignment Name                      ; Value                                  ; Default Value ; Entity Name    ; Section Id                        ;
+--------------------------------------+----------------------------------------+---------------+----------------+-----------------------------------+
; COMPILER_SIGNATURE_ID                ; 186413378490.163788752913300           ; --            ; --             ; --                                ;
; EDA_DESIGN_INSTANCE_NAME             ; NA                                     ; --            ; --             ; mux2Test                          ;
; EDA_DESIGN_INSTANCE_NAME             ; NA                                     ; --            ; --             ; procesadorTest                    ;
; EDA_DESIGN_INSTANCE_NAME             ; NA                                     ; --            ; --             ; conditionCheckTest                ;
; EDA_DESIGN_INSTANCE_NAME             ; NA                                     ; --            ; --             ; armTest                           ;
; EDA_DESIGN_INSTANCE_NAME             ; NA                                     ; --            ; --             ; ALUConFlagsTest                   ;
; EDA_DESIGN_INSTANCE_NAME             ; NA                                     ; --            ; --             ; decoderTest                       ;
; EDA_DESIGN_INSTANCE_NAME             ; NA                                     ; --            ; --             ; controllerTest                    ;
; EDA_DESIGN_INSTANCE_NAME             ; NA                                     ; --            ; --             ; datapathTest                      ;
; EDA_DESIGN_INSTANCE_NAME             ; NA                                     ; --            ; --             ; mux4a1Test                        ;
; EDA_DESIGN_INSTANCE_NAME             ; NA                                     ; --            ; --             ; conditionalLogicTest              ;
; EDA_DESIGN_INSTANCE_NAME             ; NA                                     ; --            ; --             ; extendTest                        ;
; EDA_GENERATE_FUNCTIONAL_NETLIST      ; Off                                    ; --            ; --             ; eda_board_design_timing           ;
; EDA_GENERATE_FUNCTIONAL_NETLIST      ; Off                                    ; --            ; --             ; eda_board_design_boundary_scan    ;
; EDA_GENERATE_FUNCTIONAL_NETLIST      ; Off                                    ; --            ; --             ; eda_board_design_signal_integrity ;
; EDA_GENERATE_FUNCTIONAL_NETLIST      ; Off                                    ; --            ; --             ; eda_board_design_symbol           ;
; EDA_NATIVELINK_SIMULATION_TEST_BENCH ; mux4a1Test                             ; --            ; --             ; eda_simulation                    ;
; EDA_OUTPUT_DATA_FORMAT               ; Systemverilog Hdl                      ; --            ; --             ; eda_simulation                    ;
; EDA_SIMULATION_TOOL                  ; ModelSim-Altera (SystemVerilog)        ; <None>        ; --             ; --                                ;
; EDA_TEST_BENCH_ENABLE_STATUS         ; TEST_BENCH_MODE                        ; --            ; --             ; eda_simulation                    ;
; EDA_TEST_BENCH_FILE                  ; mux2Test.sv                            ; --            ; --             ; mux2Test                          ;
; EDA_TEST_BENCH_FILE                  ; procesadorTest.sv                      ; --            ; --             ; procesadorTest                    ;
; EDA_TEST_BENCH_FILE                  ; conditionCheckTest.sv                  ; --            ; --             ; conditionCheckTest                ;
; EDA_TEST_BENCH_FILE                  ; procesadorTest.sv                      ; --            ; --             ; armTest                           ;
; EDA_TEST_BENCH_FILE                  ; ALUConFlagsTest.sv                     ; --            ; --             ; ALUConFlagsTest                   ;
; EDA_TEST_BENCH_FILE                  ; decoderTest.sv                         ; --            ; --             ; decoderTest                       ;
; EDA_TEST_BENCH_FILE                  ; decoderTest.sv                         ; --            ; --             ; controllerTest                    ;
; EDA_TEST_BENCH_FILE                  ; controllerTest.sv                      ; --            ; --             ; controllerTest                    ;
; EDA_TEST_BENCH_FILE                  ; datapathTest.sv                        ; --            ; --             ; datapathTest                      ;
; EDA_TEST_BENCH_FILE                  ; mux4a1Test.sv                          ; --            ; --             ; mux4a1Test                        ;
; EDA_TEST_BENCH_FILE                  ; decoderTest.sv                         ; --            ; --             ; conditionalLogicTest              ;
; EDA_TEST_BENCH_FILE                  ; controller.sv                          ; --            ; --             ; conditionalLogicTest              ;
; EDA_TEST_BENCH_FILE                  ; conditionalLogicTest.sv                ; --            ; --             ; conditionalLogicTest              ;
; EDA_TEST_BENCH_FILE                  ; extendTest.sv                          ; --            ; --             ; extendTest                        ;
; EDA_TEST_BENCH_MODULE_NAME           ; mux2Test                               ; --            ; --             ; mux2Test                          ;
; EDA_TEST_BENCH_MODULE_NAME           ; procesadorTest                         ; --            ; --             ; procesadorTest                    ;
; EDA_TEST_BENCH_MODULE_NAME           ; conditionCheckTest                     ; --            ; --             ; conditionCheckTest                ;
; EDA_TEST_BENCH_MODULE_NAME           ; armTest                                ; --            ; --             ; armTest                           ;
; EDA_TEST_BENCH_MODULE_NAME           ; ALUConFlagsTest                        ; --            ; --             ; ALUConFlagsTest                   ;
; EDA_TEST_BENCH_MODULE_NAME           ; decoderTest                            ; --            ; --             ; decoderTest                       ;
; EDA_TEST_BENCH_MODULE_NAME           ; controllerTest                         ; --            ; --             ; controllerTest                    ;
; EDA_TEST_BENCH_MODULE_NAME           ; datapathTest                           ; --            ; --             ; datapathTest                      ;
; EDA_TEST_BENCH_MODULE_NAME           ; mux4a1Test                             ; --            ; --             ; mux4a1Test                        ;
; EDA_TEST_BENCH_MODULE_NAME           ; conditionalLogicTest                   ; --            ; --             ; conditionalLogicTest              ;
; EDA_TEST_BENCH_MODULE_NAME           ; extendTest                             ; --            ; --             ; extendTest                        ;
; EDA_TEST_BENCH_NAME                  ; armTest                                ; --            ; --             ; eda_simulation                    ;
; EDA_TEST_BENCH_NAME                  ; conditionalLogicTest                   ; --            ; --             ; eda_simulation                    ;
; EDA_TEST_BENCH_NAME                  ; controllerTest                         ; --            ; --             ; eda_simulation                    ;
; EDA_TEST_BENCH_NAME                  ; decoderTest                            ; --            ; --             ; eda_simulation                    ;
; EDA_TEST_BENCH_NAME                  ; conditionCheckTest                     ; --            ; --             ; eda_simulation                    ;
; EDA_TEST_BENCH_NAME                  ; datapathTest                           ; --            ; --             ; eda_simulation                    ;
; EDA_TEST_BENCH_NAME                  ; procesadorTest                         ; --            ; --             ; eda_simulation                    ;
; EDA_TEST_BENCH_NAME                  ; mux2Test                               ; --            ; --             ; eda_simulation                    ;
; EDA_TEST_BENCH_NAME                  ; mux4a1Test                             ; --            ; --             ; eda_simulation                    ;
; EDA_TEST_BENCH_NAME                  ; extendTest                             ; --            ; --             ; eda_simulation                    ;
; EDA_TEST_BENCH_NAME                  ; ALUConFlagsTest                        ; --            ; --             ; eda_simulation                    ;
; EDA_TIME_SCALE                       ; 1 ps                                   ; --            ; --             ; eda_simulation                    ;
; MAX_CORE_JUNCTION_TEMP               ; 85                                     ; --            ; --             ; --                                ;
; MIN_CORE_JUNCTION_TEMP               ; 0                                      ; --            ; --             ; --                                ;
; MISC_FILE                            ; RAM_bb.v                               ; --            ; --             ; --                                ;
; MISC_FILE                            ; ROM_bb.v                               ; --            ; --             ; --                                ;
; PARTITION_COLOR                      ; -- (Not supported for targeted family) ; --            ; controllerTest ; Top                               ;
; PARTITION_FITTER_PRESERVATION_LEVEL  ; -- (Not supported for targeted family) ; --            ; controllerTest ; Top                               ;
; PARTITION_NETLIST_TYPE               ; -- (Not supported for targeted family) ; --            ; controllerTest ; Top                               ;
; POWER_BOARD_THERMAL_MODEL            ; None (CONSERVATIVE)                    ; --            ; --             ; --                                ;
; POWER_PRESET_COOLING_SOLUTION        ; 23 MM HEAT SINK WITH 200 LFPM AIRFLOW  ; --            ; --             ; --                                ;
; PROJECT_OUTPUT_DIRECTORY             ; output_files                           ; --            ; --             ; --                                ;
; TOP_LEVEL_ENTITY                     ; controllerTest                         ; ProcesadorARM ; --             ; --                                ;
+--------------------------------------+----------------------------------------+---------------+----------------+-----------------------------------+


+----------------------------------------------------------------------------------------------------------------------------+
; Flow Elapsed Time                                                                                                          ;
+------------------------+--------------+-------------------------+---------------------+------------------------------------+
; Module Name            ; Elapsed Time ; Average Processors Used ; Peak Virtual Memory ; Total CPU Time (on all processors) ;
+------------------------+--------------+-------------------------+---------------------+------------------------------------+
; Analysis & Elaboration ; 00:00:09     ; 1.0                     ; 4759 MB             ; 00:00:23                           ;
; Total                  ; 00:00:09     ; --                      ; --                  ; 00:00:23                           ;
+------------------------+--------------+-------------------------+---------------------+------------------------------------+


+--------------------------------------------------------------------------------------+
; Flow OS Summary                                                                      ;
+------------------------+------------------+------------+------------+----------------+
; Module Name            ; Machine Hostname ; OS Name    ; OS Version ; Processor type ;
+------------------------+------------------+------------+------------+----------------+
; Analysis & Elaboration ; DESKTOP-1BM9397  ; Windows 10 ; 10.0       ; x86_64         ;
+------------------------+------------------+------------+------------+----------------+


------------
; Flow Log ;
------------
quartus_map --read_settings_files=on --write_settings_files=off ProcesadorARM -c ProcesadorARM --analysis_and_elaboration



